// Jest Snapshot v1, https://goo.gl/fbAQLP

exports[`component/layout/main-wrapper/index renders properly 1`] = `
<div id="mainWrapper">
  <sidebar-stub></sidebar-stub>
  <section id="mainContent">
    <!---->
    <!---->
    <section id="homeWrapper">
      <h1 class="heading"><span>Oh hai!</span></h1>
      <div class="main-scroll-wrap">
        <div class="two-cols">
          <section style="display: none;">
            <h1>Most Played</h1>
            <ol class="top-song-list"></ol>
          </section>
          <section class="recent">
            <h1>Recently Played
              <!---->
            </h1>
            <ol class="recent-song-list" style="display: none;"></ol>
            <p class="none">
              Your recently played songs will be displayed here.<br>
              Start listening!
            </p>
          </section>
        </div>
        <section class="recently-added" style="display: none;">
          <h1>Recently Added</h1>
          <div class="two-cols">
            <div class="wrapper as-list"></div>
            <div>
              <ul class="recently-added-song-list" style="display: none;"></ul>
            </div>
          </div>
        </section>
        <section class="top-artists" style="display: none;">
          <h1>Top Artists</h1>
          <div class="wrapper as-null"></div>
        </section>
        <section class="top-albums" style="display: none;">
          <h1>Top Albums</h1>
          <div class="wrapper as-null"></div>
        </section>
        <!---->
      </div>
    </section>
    <section id="queueWrapper" style="display: none;">
      <h1 class="heading"><span title="That's a lot of U's and E's">Current Queue
      <!----> <span class="meta" style="display: none;">
        0 songs
        •
        00:00
      </span></span>
        <div class="song-list-controls" style="display: none;">
          <!---->
          <!---->
        </div>
      </h1>
      <div tabindex="0" class="song-list-wrap main-scroll-wrap queue" style="display: none;">
        <table class="song-list-header sortable">
          <thead>
            <tr>
              <th class="track-number">
                #
                <i class="fa fa-angle-down" style="display: none;"></i> <i class="fa fa-angle-up" style="display: none;"></i></th>
              <th class="title">
                Title
                <i class="fa fa-angle-down" style="display: none;"></i> <i class="fa fa-angle-up" style="display: none;"></i></th>
              <th class="artist">
                Artist
                <i class="fa fa-angle-down" style="display: none;"></i> <i class="fa fa-angle-up" style="display: none;"></i></th>
              <th class="album">
                Album
                <i class="fa fa-angle-down" style="display: none;"></i> <i class="fa fa-angle-up" style="display: none;"></i></th>
              <th class="time">
                Time
                <i class="fa fa-angle-down" style="display: none;"></i> <i class="fa fa-angle-up" style="display: none;"></i></th>
              <th class="play"></th>
            </tr>
          </thead>
        </table>
        <div data-v-303cd025="" class="virtual-scroller scroller">
          <div data-v-303cd025="" class="item-container">
            <table data-v-303cd025="" class="items"></table>
          </div>
          <div data-v-c7b3205a="" data-v-303cd025="" tabindex="-1" class="resize-observer"><object style="display: block; position: absolute; top: 0; left: 0; height: 100%; width: 100%; overflow: hidden; pointer-events: none; z-index: -1;" type="text/html" data="about:blank"></object></div>
        </div>
      </div>
      <div class="none">
        <p>Empty spaces. Abandoned places.</p>
        <p>How about
          <a class="start">shuffling all songs</a>?
        </p>
      </div>
    </section>
    <section id="songsWrapper" style="display: none;">
      <h1 class="heading"><span>All Songs
      <!----> <span class="meta" style="display: none;">
        0 songs
        •
        00:00
      </span></span>
        <div class="song-list-controls">
          <!---->
          <!---->
        </div>
      </h1>
      <div tabindex="0" class="song-list-wrap main-scroll-wrap all-songs">
        <table class="song-list-header sortable">
          <thead>
            <tr>
              <th class="track-number">
                #
                <i class="fa fa-angle-down" style="display: none;"></i> <i class="fa fa-angle-up" style="display: none;"></i></th>
              <th class="title">
                Title
                <i class="fa fa-angle-down" style="display: none;"></i> <i class="fa fa-angle-up" style="display: none;"></i></th>
              <th class="artist">
                Artist
                <i class="fa fa-angle-down" style="display: none;"></i> <i class="fa fa-angle-up" style="display: none;"></i></th>
              <th class="album">
                Album
                <i class="fa fa-angle-down" style="display: none;"></i> <i class="fa fa-angle-up" style="display: none;"></i></th>
              <th class="time">
                Time
                <i class="fa fa-angle-down" style="display: none;"></i> <i class="fa fa-angle-up" style="display: none;"></i></th>
              <th class="play"></th>
            </tr>
          </thead>
        </table>
        <div data-v-303cd025="" class="virtual-scroller scroller">
          <div data-v-303cd025="" class="item-container">
            <table data-v-303cd025="" class="items"></table>
          </div>
          <div data-v-c7b3205a="" data-v-303cd025="" tabindex="-1" class="resize-observer"><object style="display: block; position: absolute; top: 0; left: 0; height: 100%; width: 100%; overflow: hidden; pointer-events: none; z-index: -1;" type="text/html" data="about:blank"></object></div>
        </div>
      </div>
    </section>
    <section id="albumsWrapper" style="display: none;">
      <h1 class="heading"><span>Albums</span>
        <!---->
      </h1>
      <div class="albums main-scroll-wrap as-">
        <!---->
      </div>
    </section>
    <section id="artistsWrapper" style="display: none;">
      <h1 class="heading"><span>Artists</span>
        <!---->
      </h1>
      <div class="artists main-scroll-wrap as-">
        <!---->
      </div>
    </section>
    <section id="playlistWrapper" style="display: none;">
      <!---->
    </section>
    <section id="favoritesWrapper" style="display: none;">
      <h1 class="heading"><span>Songs You Love
      <!----> <span class="meta" style="display: none;">
        0 songs
        •
        00:00
        <!----></span></span>
        <div class="song-list-controls" style="display: none;">
          <!---->
          <!---->
        </div>
      </h1>
      <div tabindex="0" class="song-list-wrap main-scroll-wrap favorites" style="display: none;">
        <table class="song-list-header sortable">
          <thead>
            <tr>
              <th class="track-number">
                #
                <i class="fa fa-angle-down" style="display: none;"></i> <i class="fa fa-angle-up" style="display: none;"></i></th>
              <th class="title">
                Title
                <i class="fa fa-angle-down" style="display: none;"></i> <i class="fa fa-angle-up" style="display: none;"></i></th>
              <th class="artist">
                Artist
                <i class="fa fa-angle-down" style="display: none;"></i> <i class="fa fa-angle-up" style="display: none;"></i></th>
              <th class="album">
                Album
                <i class="fa fa-angle-down" style="display: none;"></i> <i class="fa fa-angle-up" style="display: none;"></i></th>
              <th class="time">
                Time
                <i class="fa fa-angle-down" style="display: none;"></i> <i class="fa fa-angle-up" style="display: none;"></i></th>
              <th class="play"></th>
            </tr>
          </thead>
        </table>
        <div data-v-303cd025="" class="virtual-scroller scroller">
          <div data-v-303cd025="" class="item-container">
            <table data-v-303cd025="" class="items"></table>
          </div>
          <div data-v-c7b3205a="" data-v-303cd025="" tabindex="-1" class="resize-observer"><object style="display: block; position: absolute; top: 0; left: 0; height: 100%; width: 100%; overflow: hidden; pointer-events: none; z-index: -1;" type="text/html" data="about:blank"></object></div>
        </div>
      </div>
      <div class="none">
        Start loving!
        Click the <i class="fa fa-heart" style="margin: 0px 5px;"></i> icon when a song is playing to add it
        to this list.
      </div>
    </section>
    <!---->
    <!---->
    <!---->
    <!---->
    <!---->
    <!---->
    <!---->
    <!---->
  </section>
  <section id="extra" class="showing">
    <div class="tabs">
      <div role="tablist" class="clear"><button aria-selected="true" aria-controls="extraPanelLyrics" id="extraTabLyrics" role="tab">
          Lyrics
        </button> <button aria-controls="extraPanelArtist" id="extraTabArtist" role="tab">
          Artist
        </button> <button aria-controls="extraPanelAlbum" id="extraTabAlbum" role="tab">
          Album
        </button>
        <!---->
      </div>
      <div class="panes">
        <div aria-labelledby="extraTabLyrics" id="extraPanelLyrics" role="tabpanel" tabindex="0">
          <!---->
        </div>
        <div aria-labelledby="extraTabArtist" id="extraPanelArtist" role="tabpanel" tabindex="0" style="display: none;">
          <!---->
        </div>
        <div aria-labelledby="extraTabAlbum" id="extraPanelAlbum" role="tabpanel" tabindex="0" style="display: none;">
          <!---->
        </div>
        <div aria-labelledby="extraTabAlbum" id="extraPanelAlbum" role="tabpanel" tabindex="0" style="display: none;">
          <!---->
        </div>
      </div>
    </div>
  </section>
  <div class="modal-wrapper">
    <!---->
    <!---->
    <!---->
    <!---->
    <!---->
    <!---->
  </div>
</div>
`;
