// Jest Snapshot v1, https://goo.gl/fbAQLP

exports[`components/ui/album-art-overlay requests album thumbnail when a song starts playing 1`] = `<div style="background-image: url(http://localhost/foo_thumb.jpg);"></div>`;
